[0.032s] Invoking command in '/home/jelly/ros2_ws/build/your_project_name': /usr/bin/cmake /home/jelly/ros2_ws/src/motion_planning_python_api -DCMAKE_INSTALL_PREFIX=/home/jelly/ros2_ws/install/your_project_name
[0.241s] -- The C compiler identification is GNU 11.4.0
[0.409s] -- The CXX compiler identification is GNU 11.4.0
[0.417s] -- Detecting C compiler ABI info
[0.680s] -- Detecting C compiler ABI info - done
[0.696s] -- Check for working C compiler: /usr/bin/cc - skipped
[0.700s] -- Detecting C compile features
[0.706s] -- Detecting C compile features - done
[0.711s] -- Detecting CXX compiler ABI info
[0.884s] -- Detecting CXX compiler ABI info - done
[0.891s] -- Check for working CXX compiler: /usr/bin/c++ - skipped
[0.891s] -- Detecting CXX compile features
[0.892s] -- Detecting CXX compile features - done
[0.897s] -- Found ament_cmake: 1.3.9 (/opt/ros/humble/share/ament_cmake/cmake)
[1.225s] -- Found Python3: /usr/bin/python3 (found version "3.10.12") found components: Interpreter 
[1.468s] -- Found rclcpp: 16.0.9 (/opt/ros/humble/share/rclcpp/cmake)
[1.569s] -- Found rosidl_generator_c: 3.1.5 (/opt/ros/humble/share/rosidl_generator_c/cmake)
[1.579s] -- Found rosidl_adapter: 3.1.5 (/opt/ros/humble/share/rosidl_adapter/cmake)
[1.592s] -- Found rosidl_generator_cpp: 3.1.5 (/opt/ros/humble/share/rosidl_generator_cpp/cmake)
[1.640s] -- Using all available rosidl_typesupport_c: rosidl_typesupport_fastrtps_c;rosidl_typesupport_introspection_c
[1.678s] -- Using all available rosidl_typesupport_cpp: rosidl_typesupport_fastrtps_cpp;rosidl_typesupport_introspection_cpp
[1.889s] -- Found rmw_implementation_cmake: 6.1.2 (/opt/ros/humble/share/rmw_implementation_cmake/cmake)
[1.898s] -- Found rmw_fastrtps_cpp: 6.2.6 (/opt/ros/humble/share/rmw_fastrtps_cpp/cmake)
[2.268s] -- Found OpenSSL: /usr/lib/x86_64-linux-gnu/libcrypto.so (found version "3.0.2")  
[2.354s] -- Found FastRTPS: /opt/ros/humble/include  
[2.472s] -- Using RMW implementation 'rmw_fastrtps_cpp' as default
[2.496s] -- Looking for pthread.h
[2.756s] -- Looking for pthread.h - found
[2.756s] -- Performing Test CMAKE_HAVE_LIBC_PTHREAD
[2.905s] -- Performing Test CMAKE_HAVE_LIBC_PTHREAD - Success
[2.906s] -- Found Threads: TRUE  
[3.254s] Error parsing '/home/jelly/ros2_ws/src/motion_planning_python_api/package.xml':
[3.337s] Traceback (most recent call last):
[3.337s]   File "/usr/lib/python3/dist-packages/catkin_pkg/package.py", line 610, in parse_package_string
[3.339s]     root = dom.parseString(data)
[3.340s]   File "/usr/lib/python3.10/xml/dom/minidom.py", line 2000, in parseString
[3.340s]     return expatbuilder.parseString(string)
[3.340s]   File "/usr/lib/python3.10/xml/dom/expatbuilder.py", line 925, in parseString
[3.341s]     return builder.parseString(string)
[3.341s]   File "/usr/lib/python3.10/xml/dom/expatbuilder.py", line 223, in parseString
[3.341s]     parser.Parse(string, True)
[3.341s] xml.parsers.expat.ExpatError: not well-formed (invalid token): line 6, column 20
[3.342s] 
[3.343s] During handling of the above exception, another exception occurred:
[3.343s] 
[3.345s] Traceback (most recent call last):
[3.345s]   File "/opt/ros/humble/share/ament_cmake_core/cmake/core/package_xml_2_cmake.py", line 150, in <module>
[3.345s]     main()
[3.352s]   File "/opt/ros/humble/share/ament_cmake_core/cmake/core/package_xml_2_cmake.py", line 53, in main
[3.353s]     raise e
[3.353s]   File "/opt/ros/humble/share/ament_cmake_core/cmake/core/package_xml_2_cmake.py", line 49, in main
[3.353s]     package = parse_package_string(
[3.353s]   File "/usr/lib/python3/dist-packages/catkin_pkg/package.py", line 612, in parse_package_string
[3.353s]     raise InvalidPackage('The manifest contains invalid XML:\n%s' % ex, filename)
[3.353s] catkin_pkg.package.InvalidPackage: Error(s) in package '/home/jelly/ros2_ws/src/motion_planning_python_api/package.xml':
[3.353s] The manifest contains invalid XML:
[3.353s] not well-formed (invalid token): line 6, column 20
[3.365s] [31mCMake Error at /opt/ros/humble/share/ament_cmake_core/cmake/core/ament_package_xml.cmake:95 (message):
[3.366s]   execute_process(/usr/bin/python3
[3.366s]   /opt/ros/humble/share/ament_cmake_core/cmake/core/package_xml_2_cmake.py
[3.366s]   /home/jelly/ros2_ws/src/motion_planning_python_api/package.xml
[3.366s]   /home/jelly/ros2_ws/build/your_project_name/ament_cmake_core/package.cmake)
[3.366s]   returned error code 1
[3.366s] Call Stack (most recent call first):
[3.366s]   /opt/ros/humble/share/ament_cmake_core/cmake/core/ament_package_xml.cmake:49 (_ament_package_xml)
[3.367s]   /opt/ros/humble/share/ament_cmake_core/cmake/core/ament_package.cmake:63 (ament_package_xml)
[3.367s]   CMakeLists.txt:32 (ament_package)
[3.367s] 
[3.367s] [0m
[3.367s] -- Configuring incomplete, errors occurred!
[3.367s] See also "/home/jelly/ros2_ws/build/your_project_name/CMakeFiles/CMakeOutput.log".
[3.378s] Invoked command in '/home/jelly/ros2_ws/build/your_project_name' returned '1': /usr/bin/cmake /home/jelly/ros2_ws/src/motion_planning_python_api -DCMAKE_INSTALL_PREFIX=/home/jelly/ros2_ws/install/your_project_name
